// Jest Snapshot v1, https://goo.gl/fbAQLP

exports[`renders correctly 1`] = `
ShallowWrapper {
  Symbol(enzyme.__root__): [Circular],
  Symbol(enzyme.__unrendered__): <Button
    text="Test"
  />,
  Symbol(enzyme.__renderer__): Object {
    "batchedUpdates": [Function],
    "getNode": [Function],
    "render": [Function],
    "simulateError": [Function],
    "simulateEvent": [Function],
    "unmount": [Function],
  },
  Symbol(enzyme.__node__): Object {
    "instance": null,
    "key": undefined,
    "nodeType": "class",
    "props": Object {
      "activeOpacity": 0.2,
      "children": <Component
        style={
          Object {
            "alignSelf": "center",
            "color": "#007aff",
            "fontSize": 16,
            "fontWeight": "600",
            "paddingBottom": 10,
            "paddingTop": 10,
          }
        }
      />,
      "onPress": undefined,
      "style": Object {
        "alignSelf": "stretch",
        "backgroundColor": "#fff",
        "borderColor": "#007aff",
        "borderRadius": 5,
        "borderWidth": 1,
        "flex": 1,
        "marginLeft": 5,
        "marginRight": 5,
      },
    },
    "ref": null,
    "rendered": Object {
      "instance": null,
      "key": undefined,
      "nodeType": "class",
      "props": Object {
        "children": undefined,
        "style": Object {
          "alignSelf": "center",
          "color": "#007aff",
          "fontSize": 16,
          "fontWeight": "600",
          "paddingBottom": 10,
          "paddingTop": 10,
        },
      },
      "ref": null,
      "rendered": null,
      "type": [Function],
    },
    "type": [Function],
  },
  Symbol(enzyme.__nodes__): Array [
    Object {
      "instance": null,
      "key": undefined,
      "nodeType": "class",
      "props": Object {
        "activeOpacity": 0.2,
        "children": <Component
          style={
            Object {
              "alignSelf": "center",
              "color": "#007aff",
              "fontSize": 16,
              "fontWeight": "600",
              "paddingBottom": 10,
              "paddingTop": 10,
            }
          }
        />,
        "onPress": undefined,
        "style": Object {
          "alignSelf": "stretch",
          "backgroundColor": "#fff",
          "borderColor": "#007aff",
          "borderRadius": 5,
          "borderWidth": 1,
          "flex": 1,
          "marginLeft": 5,
          "marginRight": 5,
        },
      },
      "ref": null,
      "rendered": Object {
        "instance": null,
        "key": undefined,
        "nodeType": "class",
        "props": Object {
          "children": undefined,
          "style": Object {
            "alignSelf": "center",
            "color": "#007aff",
            "fontSize": 16,
            "fontWeight": "600",
            "paddingBottom": 10,
            "paddingTop": 10,
          },
        },
        "ref": null,
        "rendered": null,
        "type": [Function],
      },
      "type": [Function],
    },
  ],
  Symbol(enzyme.__options__): Object {
    "adapter": ReactSixteenAdapter {
      "options": Object {
        "enableComponentDidUpdateOnSetState": true,
        "lifecycles": Object {
          "componentDidUpdate": Object {
            "onSetState": true,
          },
          "getDerivedStateFromProps": true,
          "getSnapshotBeforeUpdate": true,
          "setState": Object {
            "skipsComponentDidUpdateOnNullish": true,
          },
        },
      },
    },
  },
}
`;
