// Jest Snapshot v1, https://goo.gl/fbAQLP

exports[`renders correctly 1`] = `
ShallowWrapper {
  Symbol(enzyme.__root__): [Circular],
  Symbol(enzyme.__unrendered__): <Header
    headerTitle="This is a title"
  />,
  Symbol(enzyme.__renderer__): Object {
    "batchedUpdates": [Function],
    "getNode": [Function],
    "render": [Function],
    "simulateError": [Function],
    "simulateEvent": [Function],
    "unmount": [Function],
  },
  Symbol(enzyme.__node__): Object {
    "instance": null,
    "key": undefined,
    "nodeType": "class",
    "props": Object {
      "children": <Component
        style={
          Object {
            "fontSize": 20,
          }
        }
      >
        This is a title
      </Component>,
      "style": Object {
        "alignItems": "center",
        "backgroundColor": "#F8F8F8",
        "elevation": 2,
        "height": 60,
        "justifyContent": "center",
        "paddingTop": 15,
        "position": "relative",
        "shadowColor": "#000",
        "shadowOffSet": Object {
          "height": 2,
          "width": 0,
        },
        "shadowOpacity": 0.2,
      },
    },
    "ref": null,
    "rendered": Object {
      "instance": null,
      "key": undefined,
      "nodeType": "class",
      "props": Object {
        "children": "This is a title",
        "style": Object {
          "fontSize": 20,
        },
      },
      "ref": null,
      "rendered": "This is a title",
      "type": [Function],
    },
    "type": [Function],
  },
  Symbol(enzyme.__nodes__): Array [
    Object {
      "instance": null,
      "key": undefined,
      "nodeType": "class",
      "props": Object {
        "children": <Component
          style={
            Object {
              "fontSize": 20,
            }
          }
        >
          This is a title
        </Component>,
        "style": Object {
          "alignItems": "center",
          "backgroundColor": "#F8F8F8",
          "elevation": 2,
          "height": 60,
          "justifyContent": "center",
          "paddingTop": 15,
          "position": "relative",
          "shadowColor": "#000",
          "shadowOffSet": Object {
            "height": 2,
            "width": 0,
          },
          "shadowOpacity": 0.2,
        },
      },
      "ref": null,
      "rendered": Object {
        "instance": null,
        "key": undefined,
        "nodeType": "class",
        "props": Object {
          "children": "This is a title",
          "style": Object {
            "fontSize": 20,
          },
        },
        "ref": null,
        "rendered": "This is a title",
        "type": [Function],
      },
      "type": [Function],
    },
  ],
  Symbol(enzyme.__options__): Object {
    "adapter": ReactSixteenAdapter {
      "options": Object {
        "enableComponentDidUpdateOnSetState": true,
        "lifecycles": Object {
          "componentDidUpdate": Object {
            "onSetState": true,
          },
          "getDerivedStateFromProps": true,
          "getSnapshotBeforeUpdate": true,
          "setState": Object {
            "skipsComponentDidUpdateOnNullish": true,
          },
        },
      },
    },
  },
}
`;
