// Jest Snapshot v1, https://goo.gl/fbAQLP

exports[`renders correctly 1`] = `
ShallowWrapper {
  Symbol(enzyme.__root__): [Circular],
  Symbol(enzyme.__unrendered__): <ListItem
    myCards={
      Object {
        "bio": "I like Cats.",
        "image": "https://imgur.com/gallery/9vPpm4r",
        "name": "Test",
        "pro": "Doctor",
      }
    }
  />,
  Symbol(enzyme.__renderer__): Object {
    "batchedUpdates": [Function],
    "getNode": [Function],
    "render": [Function],
    "simulateError": [Function],
    "simulateEvent": [Function],
    "unmount": [Function],
  },
  Symbol(enzyme.__node__): Object {
    "instance": null,
    "key": undefined,
    "nodeType": "class",
    "props": Object {
      "children": <Component>
        <CardSectionStyle>
          <Component
            style={
              Object {
                "alignItems": "center",
                "justifyContent": "center",
                "marginLeft": 10,
                "marginRight": 10,
              }
            }
          >
            <Component
              source={
                Object {
                  "uri": "https://imgur.com/gallery/9vPpm4r",
                }
              }
              style={
                Object {
                  "height": 50,
                  "width": 50,
                }
              }
            />
          </Component>
          <Component
            style={
              Object {
                "fontSize": 18,
                "paddingLeft": 15,
              }
            }
          >
            Doctor
             
            : 
             
            Test
          </Component>
        </CardSectionStyle>
      </Component>,
      "onPress": [Function],
    },
    "ref": null,
    "rendered": Object {
      "instance": null,
      "key": undefined,
      "nodeType": "class",
      "props": Object {
        "children": <CardSectionStyle>
          <Component
            style={
              Object {
                "alignItems": "center",
                "justifyContent": "center",
                "marginLeft": 10,
                "marginRight": 10,
              }
            }
          >
            <Component
              source={
                Object {
                  "uri": "https://imgur.com/gallery/9vPpm4r",
                }
              }
              style={
                Object {
                  "height": 50,
                  "width": 50,
                }
              }
            />
          </Component>
          <Component
            style={
              Object {
                "fontSize": 18,
                "paddingLeft": 15,
              }
            }
          >
            Doctor
             
            : 
             
            Test
          </Component>
        </CardSectionStyle>,
      },
      "ref": null,
      "rendered": Object {
        "instance": null,
        "key": undefined,
        "nodeType": "function",
        "props": Object {
          "children": Array [
            <Component
              style={
                Object {
                  "alignItems": "center",
                  "justifyContent": "center",
                  "marginLeft": 10,
                  "marginRight": 10,
                }
              }
            >
              <Component
                source={
                  Object {
                    "uri": "https://imgur.com/gallery/9vPpm4r",
                  }
                }
                style={
                  Object {
                    "height": 50,
                    "width": 50,
                  }
                }
              />
            </Component>,
            <Component
              style={
                Object {
                  "fontSize": 18,
                  "paddingLeft": 15,
                }
              }
            >
              Doctor
               
              : 
               
              Test
            </Component>,
          ],
        },
        "ref": null,
        "rendered": Array [
          Object {
            "instance": null,
            "key": undefined,
            "nodeType": "class",
            "props": Object {
              "children": <Component
                source={
                  Object {
                    "uri": "https://imgur.com/gallery/9vPpm4r",
                  }
                }
                style={
                  Object {
                    "height": 50,
                    "width": 50,
                  }
                }
              />,
              "style": Object {
                "alignItems": "center",
                "justifyContent": "center",
                "marginLeft": 10,
                "marginRight": 10,
              },
            },
            "ref": null,
            "rendered": Object {
              "instance": null,
              "key": undefined,
              "nodeType": "class",
              "props": Object {
                "source": Object {
                  "uri": "https://imgur.com/gallery/9vPpm4r",
                },
                "style": Object {
                  "height": 50,
                  "width": 50,
                },
              },
              "ref": null,
              "rendered": null,
              "type": [Function],
            },
            "type": [Function],
          },
          Object {
            "instance": null,
            "key": undefined,
            "nodeType": "class",
            "props": Object {
              "children": Array [
                "Doctor",
                " ",
                ": ",
                " ",
                "Test",
              ],
              "style": Object {
                "fontSize": 18,
                "paddingLeft": 15,
              },
            },
            "ref": null,
            "rendered": Array [
              "Doctor",
              " ",
              ": ",
              " ",
              "Test",
            ],
            "type": [Function],
          },
        ],
        "type": [Function],
      },
      "type": [Function],
    },
    "type": [Function],
  },
  Symbol(enzyme.__nodes__): Array [
    Object {
      "instance": null,
      "key": undefined,
      "nodeType": "class",
      "props": Object {
        "children": <Component>
          <CardSectionStyle>
            <Component
              style={
                Object {
                  "alignItems": "center",
                  "justifyContent": "center",
                  "marginLeft": 10,
                  "marginRight": 10,
                }
              }
            >
              <Component
                source={
                  Object {
                    "uri": "https://imgur.com/gallery/9vPpm4r",
                  }
                }
                style={
                  Object {
                    "height": 50,
                    "width": 50,
                  }
                }
              />
            </Component>
            <Component
              style={
                Object {
                  "fontSize": 18,
                  "paddingLeft": 15,
                }
              }
            >
              Doctor
               
              : 
               
              Test
            </Component>
          </CardSectionStyle>
        </Component>,
        "onPress": [Function],
      },
      "ref": null,
      "rendered": Object {
        "instance": null,
        "key": undefined,
        "nodeType": "class",
        "props": Object {
          "children": <CardSectionStyle>
            <Component
              style={
                Object {
                  "alignItems": "center",
                  "justifyContent": "center",
                  "marginLeft": 10,
                  "marginRight": 10,
                }
              }
            >
              <Component
                source={
                  Object {
                    "uri": "https://imgur.com/gallery/9vPpm4r",
                  }
                }
                style={
                  Object {
                    "height": 50,
                    "width": 50,
                  }
                }
              />
            </Component>
            <Component
              style={
                Object {
                  "fontSize": 18,
                  "paddingLeft": 15,
                }
              }
            >
              Doctor
               
              : 
               
              Test
            </Component>
          </CardSectionStyle>,
        },
        "ref": null,
        "rendered": Object {
          "instance": null,
          "key": undefined,
          "nodeType": "function",
          "props": Object {
            "children": Array [
              <Component
                style={
                  Object {
                    "alignItems": "center",
                    "justifyContent": "center",
                    "marginLeft": 10,
                    "marginRight": 10,
                  }
                }
              >
                <Component
                  source={
                    Object {
                      "uri": "https://imgur.com/gallery/9vPpm4r",
                    }
                  }
                  style={
                    Object {
                      "height": 50,
                      "width": 50,
                    }
                  }
                />
              </Component>,
              <Component
                style={
                  Object {
                    "fontSize": 18,
                    "paddingLeft": 15,
                  }
                }
              >
                Doctor
                 
                : 
                 
                Test
              </Component>,
            ],
          },
          "ref": null,
          "rendered": Array [
            Object {
              "instance": null,
              "key": undefined,
              "nodeType": "class",
              "props": Object {
                "children": <Component
                  source={
                    Object {
                      "uri": "https://imgur.com/gallery/9vPpm4r",
                    }
                  }
                  style={
                    Object {
                      "height": 50,
                      "width": 50,
                    }
                  }
                />,
                "style": Object {
                  "alignItems": "center",
                  "justifyContent": "center",
                  "marginLeft": 10,
                  "marginRight": 10,
                },
              },
              "ref": null,
              "rendered": Object {
                "instance": null,
                "key": undefined,
                "nodeType": "class",
                "props": Object {
                  "source": Object {
                    "uri": "https://imgur.com/gallery/9vPpm4r",
                  },
                  "style": Object {
                    "height": 50,
                    "width": 50,
                  },
                },
                "ref": null,
                "rendered": null,
                "type": [Function],
              },
              "type": [Function],
            },
            Object {
              "instance": null,
              "key": undefined,
              "nodeType": "class",
              "props": Object {
                "children": Array [
                  "Doctor",
                  " ",
                  ": ",
                  " ",
                  "Test",
                ],
                "style": Object {
                  "fontSize": 18,
                  "paddingLeft": 15,
                },
              },
              "ref": null,
              "rendered": Array [
                "Doctor",
                " ",
                ": ",
                " ",
                "Test",
              ],
              "type": [Function],
            },
          ],
          "type": [Function],
        },
        "type": [Function],
      },
      "type": [Function],
    },
  ],
  Symbol(enzyme.__options__): Object {
    "adapter": ReactSixteenAdapter {
      "options": Object {
        "enableComponentDidUpdateOnSetState": true,
        "lifecycles": Object {
          "componentDidUpdate": Object {
            "onSetState": true,
          },
          "getDerivedStateFromProps": true,
          "getSnapshotBeforeUpdate": true,
          "setState": Object {
            "skipsComponentDidUpdateOnNullish": true,
          },
        },
      },
    },
  },
}
`;
